=== commands.log ===
2026-07-18T15:15:37Z
HEAD=02cc6dc72de04a6da248222b839ab9f1fcb3c0a7
BRANCH=feat/double-play-competing-authority-fail-closed-quarantine-v1
--- selector ---
test_selection_mode=PR_BOUNDED_FULL
test_selection_reason=category_central_src_requires_full
tests_execute_full=false
tests_execute_contract_focused=false
tests_execute_focused=false
tests_execute_pr_bounded_full=true
tests_execute_exhaustive_full=false
tests_execute_no_op=false
tests_execute_invalid=false
focused_pytest_targets=
focused_module_imports=
pr_bounded_pytest_targets=tests/ci/test_ci_diff_aware_test_selection_v1.py tests/ci/test_ci_static_contract_narrow_code_filter_contract_v0.py tests/ci/test_ci_testowner_runtime_budget_reporting_contract_v0.py tests/ci/test_pr_head_sha_required_checks_liveness_guard.py tests/ci/test_required_checks_config.py tests/ci/test_required_checks_hygiene.py tests/ci/test_workflows_no_pull_request_target_contract_v0.py tests/test_data_contracts.py tests/test_error_taxonomy.py tests/test_resilience.py tests/test_stability_smoke.py
matrix_contract_mode=MATRIX_UNMAPPED
matrix_contract_reason=matrix_contract_not_applicable
matrix_contract_rebundle_id=
tests_execute_matrix_contract_focused=false
matrix_contract_pytest_targets=
fast_lane_contract_mode=FULL_STATIC_CONTRACTS
fast_lane_contract_reason=central_or_unmapped_fast_lane_path_requires_full_static
fast_lane_contract_pytest_targets=
--- ruff ---
6 files already formatted
All checks passed!
--- docs token ---
== Docs token policy preflight (changed .md vs origin/main) ==
✅ No Markdown files to check (changed files (base: origin/main))
OK: docs token policy preflight passed
--- docs refs ---
Docs Reference Targets: scanned 1676 md file(s) (514 ignored), found 12744 reference(s).
All referenced targets exist.
--- focused tests summary ---
....................................................                     [ 87%]
tests/trading/master_v2/test_runtime_backtest_parity_and_legacy_boundary_closeout_v1.py . [ 88%]
...............                                                          [100%]

============================= 130 passed in 6.66s ==============================
--- pre-existing main failures (not introduced) ---
test_pr4946_parity_suite_still_passes_v0 FAIL on origin/main baseline
test_surface_b_pass_cde_remain_partial_v0 FAIL on origin/main baseline
